     1                                  SYS_EXIT  equ 1
     2                                  SYS_READ  equ 0
     3                                  SYS_WRITE equ 1
     4                                  STDIN     equ 0
     5                                  STDOUT    equ 1
     6                                  
     7                                  ; сегмент инициализированных переменных
     8                                  section .data
     9 00000000 526573756C74206973-         ExitMsg db "Result is:", 0xa ; выводимое сообщение
     9 00000009 3A0A               
    10                                      lenExit equ $-ExitMsg
    11                                  
    12 0000000B 456E74657220583A20-         XMsg db "Enter X: ", 0xa
    12 00000014 0A                 
    13                                      lenXMsg equ $-XMsg
    14                                  
    15 00000015 456E74657220423A20-         BMsg db "Enter B: ", 0xa
    15 0000001E 0A                 
    16                                      lenBMsg equ $-BMsg
    17                                  
    18                                  ; сегмент неинициализированных переменных
    19                                  section .bss
    20 00000000 <res Ah>                    X resb 10 ; буфер для вводимой строки
    21                                      lenX equ $-X
    22 0000000A <res Ah>                    B resb 10
    23                                      lenB equ $-B
    24 00000014 <res Ah>                    res resb 10
    25                                  
    26                                  section .text    ; сегмент кода
    27                                      global _start
    28                                  _start:
    29                                  
    30                                  ; write INPUT X
    31 00000000 B801000000                  mov RAX, SYS_WRITE; системная функция 1 (write)
    32 00000005 BF01000000                  mov RDI, STDOUT; дескриптор файла stdout=1
    33 0000000A 48BE-                       mov RSI, XMsg; адрес выводимой строки
    33 0000000C [0B00000000000000] 
    34 00000014 BA0A000000                  mov RDX, lenXMsg; длина строки
    35 00000019 0F05                        syscall ; вызов системной функции
    36                                  
    37                                  ; read X
    38 0000001B B800000000                  mov RAX, SYS_READ; системная функция 0 (read)
    39 00000020 BF00000000                  mov RDI, STDIN; дескриптор файла stdin=0
    40 00000025 48BE-                       mov RSI, X; адрес вводимой строки
    40 00000027 [0000000000000000] 
    41 0000002F BA0A000000                  mov RDX, lenX; длина строки
    42 00000034 0F05                        syscall  ; вызов системной функции
    43                                  
    44                                  ; write INPUT B
    45 00000036 B801000000                  mov RAX, SYS_WRITE; системная функция 1 (write)
    46 0000003B BF01000000                  mov RDI, STDOUT; дескриптор файла stdout=1
    47 00000040 48BE-                       mov RSI, BMsg; адрес выводимой строки
    47 00000042 [1500000000000000] 
    48 0000004A BA0A000000                  mov RDX, lenBMsg; длина строки
    49 0000004F 0F05                        syscall ; вызов системной функции
    50                                  
    51                                  ; read B
    52 00000051 B800000000                  mov RAX, SYS_READ; системная функция 0 (read)
    53 00000056 BF00000000                  mov RDI, STDIN; дескриптор файла stdin=0
    54 0000005B 48BE-                       mov RSI, B; адрес вводимой строки
    54 0000005D [0A00000000000000] 
    55 00000065 BA0A000000                  mov RDX, lenB; длина строки
    56 0000006A 0F05                        syscall  ; вызов системной функции
    57                                  
    58                                  ; add X to B
    59                                      ;выгружаем из памяти в регистры
    60 0000006C 488B0425[00000000]          mov RAX, [X]
    61 00000074 488B1C25[0A000000]          mov RBX, [B]
    62                                  
    63                                      ;конвертируем в десятичные числа(я это на сайте увидел)
    64 0000007C 4883E830                    sub RAX, '0'
    65 00000080 4883EB30                    sub RBX, '0'
    66                                      
    67 00000084 4801D8                      add RAX, RBX
    68                                      
    69                                      ; конвертируем в символы ASCII
    70 00000087 4883C030                    add RAX, '0'
    71                                  
    72                                      ; сохраняем в память
    73 0000008B 48890425[14000000]          mov [res], RAX
    74                                  
    75                                  ; write INPUT SUM
    76 00000093 B801000000                  mov RAX, SYS_WRITE; системная функция 1 (write)
    77 00000098 BF01000000                  mov RDI, STDOUT; дескриптор файла stdout=1
    78 0000009D 48BE-                       mov RSI, ExitMsg; адрес выводимой строки
    78 0000009F [0000000000000000] 
    79 000000A7 BA0B000000                  mov RDX, lenExit; длина строки
    80 000000AC 0F05                        syscall ; вызов системной функции
    81                                  
    82                                  ; print SUM
    83 000000AE B801000000                  mov RAX, SYS_WRITE; системная функция 1 (write)
    84 000000B3 BF01000000                  mov RDI, STDOUT; дескриптор файла stdout=1
    85 000000B8 48BE-                       mov RSI, res; адрес выводимой строки
    85 000000BA [1400000000000000] 
    86 000000C2 BA0A000000                  mov RDX, 10; длина строки
    87 000000C7 0F05                        syscall  ; вызов системной функции
    88                                  
    89                                  ; exit
    90                                  exit:
    91 000000C9 B83C000000                  mov RAX, 60; системная функция 60 (exit)
    92 000000CE 4831FF                      xor RDI, RDI; return code 0
    93 000000D1 0F05                        syscall     ; вызов системной функции
    94                                  
