     1                                  section .data ; сегмент инициализированных переменных
     2 00000000 FFFF                        F1 dw 65535
     3 00000002 FFFF0000                    F2 dd 65535
     4                                  
     5                                  section .bss ; сегмент неинициализированных переменных
     6                                  
     7                                  section .text ; сегмент кода
     8                                  global _start
     9                                  _start:
    10 00000000 66830425[00000000]-         add word [F1], 1
    10 00000008 01                 
    11 00000009 830425[02000000]01          add dword [F2], 1
    12                                  exit:
    13 00000011 B83C000000                  mov rax, 60 ; системная функция 60 (exit)
    14 00000016 4831FF                      xor rdi, rdi ; return code 0
    15 00000019 0F05                        syscall ; вызов системной функции
    16                                  
    17                                  
    18                                  ; The problem with the updated code is that the add instruction requires 
    19                                  ; an operand size to be specified, and it cannot infer the operand size 
    20                                  ; from the register or memory address alone.
    21                                  
    22                                  ; To fix the "operation size not specified" error, you need to specify 
    23                                  ; the operand size explicitly using one of the size prefixes: byte ptr,
    24                                  ; word ptr, dword ptr, or qword ptr. Here's the corrected code:
