     1                                  section .data; сегмент инициализированных переменных
     2 00000000 507265737320456E74-         ExitMsg db "Press Enter to Exit",10 ; выводимое сообщение
     2 00000009 657220746F20457869-
     2 00000012 740A               
     3                                      lenExit equ $-ExitMsg
     4 00000014 E2FF                        A       dw  -30
     5 00000016 1500                        B       dw  21
     6 00000018 FF                          val1    db  255
     7 00000019 0001                        chart   dw  256
     8 0000001B 80FF                        lue3    dw  -128
     9 0000001D 10                          v5      db  10h
    10 0000001E 17230C                      beta    db  23,23h,0ch
    11 00000021 48656C6C6F0A                sdk     db  "Hello",10
    12 00000027 0180                        min     dw  -32767
    13 00000029 78563412                    ar      dd  12345678h
    14 0000002D 08<rep 5h>                  valar   times 5 db  8
    15                                      ;changes 1.2.11
    16 00000032 1900                        num1     dw  25
    17 00000034 DDFFFFFF                    num2     dd  -35
    18 00000038 D098D0B2D0B0D0BD00-         stroka   dt  "Иван"
    18 00000041 00                 
    19 00000042 FFFF                        F1       dw  65535
    20 00000044 FFFF0000                    F2       dd  65535
    21                                      
    22                                  ; сегмент неинициализированных переменных
    23                                  section .bss
    24 00000000 ????                        InBuf resb 2 ; буфер для вводимой строки
    25                                      lenIn equ $-InBuf
    26 00000002 ????????                    X resd 1
    27 00000006 <res 14h>                   alu resw 10
    28                                      ; f1  resb 5
    29                                  
    30                                  section .text ; сегмент кода
    31                                  global _start
    32                                  _start:
    33 00000000 66830425[42000000]-         add word  [F1], 1
    33 00000008 01                 
    34 00000009 830425[44000000]01          add dword [F2], 1
    35 00000011 8B0425[14000000]            mov EAX,[A] ; загрузить число A в регистр EAX
    36 00000018 83C005                      add EAX,5
    37 0000001B 2B0425[16000000]            sub EAX,[B] ; вычесть число B, результат в EAX
    38 00000022 890425[02000000]            mov [X],EAX ; сохранить результат в памяти
    39                                      ; write
    40 00000029 B801000000                  mov rax, 1; системная функция 1 (write)
    41 0000002E BF01000000                  mov rdi, 1; дескриптор файла stdout=1
    42 00000033 48BE-                       mov rsi, ExitMsg ; адрес выводимой строки
    42 00000035 [0000000000000000] 
    43 0000003D BA14000000                  mov rdx, lenExit ; длина строки
    44 00000042 0F05                        syscall; вызов системной функции
    45                                      ; read
    46 00000044 B800000000                  mov rax, 0; системная функция 0 (read)
    47 00000049 BF00000000                  mov rdi, 0; дескриптор файла stdin=0
    48 0000004E 48BE-                       mov rsi, InBuf; адрес вводимой строки
    48 00000050 [0000000000000000] 
    49 00000058 BA02000000                  mov rdx, lenIn; длина строки
    50 0000005D 0F05                        syscall; вызов системной функции
    51                                      ; exit
    52                                  exit:
    53 0000005F B83C000000                  mov rax, 60; системная функция 60 (exit)
    54 00000064 4831FF                      xor rdi, rdi; return code 0
    55 00000067 0F05                        syscall; вызов системной функции
