     1                                  section .data; сегмент инициализированных переменных
     2 00000000 507265737320456E74-         ExitMsg db "Press Enter to Exit",10 ; выводимое сообщение
     2 00000009 657220746F20457869-
     2 00000012 740A               
     3                                      lenExit equ $-ExitMsg
     4 00000014 E2FF                        A dw -30
     5 00000016 1500                        B dw 21
     6                                  ; сегмент неинициализированных переменных
     7                                  section .bss
     8 00000000 <res Ah>                    InBuf resb 10 ; буфер для вводимой строки
     9                                      lenIn equ $-InBuf
    10 0000000A ????????                    X resd 1
    11                                  
    12                                  section .text ; сегмент кода
    13                                  global _start
    14                                  _start:
    15 00000000 8B0425[14000000]            mov EAX,[A] ; загрузить число A в регистр EAX
    16 00000007 83C005                      add EAX,5
    17 0000000A 2B0425[16000000]            sub EAX,[B] ; вычесть число B, результат в EAX
    18 00000011 890425[0A000000]            mov [X],EAX ; сохранить результат в памяти
    19                                      ; write
    20 00000018 B801000000                  mov rax, 1; системная функция 1 (write)
    21 0000001D BF01000000                  mov rdi, 1; дескриптор файла stdout=1
    22 00000022 48BE-                       mov rsi, ExitMsg ; адрес выводимой строки
    22 00000024 [0000000000000000] 
    23 0000002C BA14000000                  mov rdx, lenExit ; длина строки
    24 00000031 0F05                        syscall; вызов системной функции
    25                                      ; read
    26 00000033 B800000000                  mov rax, 0; системная функция 0 (read)
    27 00000038 BF00000000                  mov rdi, 0; дескриптор файла stdin=0
    28 0000003D 48BE-                       mov rsi, InBuf; адрес вводимой строки
    28 0000003F [0000000000000000] 
    29 00000047 BA0A000000                  mov rdx, lenIn; длина строки
    30 0000004C 0F05                        syscall; вызов системной функции
    31                                      ; exit
    32                                  exit:
    33 0000004E B83C000000                  mov rax, 60; системная функция 60 (exit)
    34 00000053 4831FF                      xor rdi, rdi; return code 0
    35 00000056 0F05                        syscall; вызов системной функции
