     1                                  section	.text
     2                                     global _start    ; необходимо для линкера (ld)
     3                                  
     4                                  _start:	            ; сообщает линкеру стартовую точку
     5 00000000 BA0E000000                 mov	edx,len     ; длина строки
     6 00000005 B9[00000000]               mov	ecx,msg     ; строка
     7 0000000A BB01000000                 mov	ebx,1       ; дескриптор файла (stdout)
     8 0000000F B804000000                 mov	eax,4       ; номер системного вызова (sys_write)
     9 00000014 CD80                       int	0x80        ; вызов ядра
    10                                  
    11 00000016 B801000000                 mov	eax,1       ; номер системного вызова (sys_exit)
    12 0000001B CD80                       int	0x80        ; вызов ядра
    13                                  
    14                                  section	.data
    15 00000000 48656C6C6F2C20776F-     msg db 'Hello, world!', 0xa  ; содержимое строки для вывода
    15 00000009 726C64210A         
    16                                  len equ $ - msg              ; длина строки
